// Jest Snapshot v1, https://goo.gl/fbAQLP

exports[`PokemonType Renders correctly 1`] = `
<div
  className="sc-bdVaJa bEyhJq"
  onClick={[Function]}
>
  <p
    className="sc-htpNat kCRYYJ"
  >
    123
     
    pokemonFake
  </p>
  <img
    className="sc-bwzfXH dmdPBJ"
    onLoad={[Function]}
    src="default"
  />
</div>
`;
